// 同步 ID: b692367a @ Tue Jul 21 10:03:08 UTC 2026
// 同步 ID: 345c3e88 @ Tue Jul 21 12:07:26 UTC 2026
// 重构日志: 4a05e9fe
// 重构日志: 598bfc3c
// 重构日志: ad6df75d
// 重构日志: fda87409
// 同步 ID: caae8138 @ Sat Jul 25 04:13:44 UTC 2026
// 重构日志: 828b98c6
// 同步 ID: f592c756 @ Sat Jul 25 12:09:17 UTC 2026
// 重构日志: 551d78b9
// 重构日志: 2b43057b
// 重构日志: 3afe04bf
// 重构日志: 11bb8dd0
// 重构日志: 56b19f24
// 同步 ID: 6abcd348 @ Tue Jul 28 14:37:47 UTC 2026
// 重构日志: 13496914
// 同步 ID: cfc80c9d @ Wed Jul 29 10:29:43 UTC 2026
// 重构日志: 400200fd
// 同步 ID: 4305d3d0 @ Thu Jul 30 19:22:44 UTC 2026
// 同步 ID: 6763e7ac @ Fri Jul 31 08:35:05 UTC 2026
// 同步 ID: ef12407b @ Fri Jul 31 17:58:38 UTC 2026
// 同步 ID: b8e1a563 @ Sat Aug  1 07:09:36 UTC 2026
// 同步 ID: a52a0a53 @ Sat Aug  1 14:49:50 UTC 2026
// 重构日志: 9a7d3b49
// 重构日志: e1a72a96
// 重构日志: 92900671
// 同步 ID: 5fd9e2a7 @ Tue Aug  4 15:44:40 UTC 2026
// 同步 ID: 8383a255 @ Wed Aug  5 04:18:31 UTC 2026
// 重构日志: 54167ffb
// 同步 ID: 33269f5f @ Wed Aug  5 15:53:08 UTC 2026
// 重构日志: f9c295bd
